tpo2020269@parallel:~/ansible$ ./ansible.sh
/usr/lib/python2.7/dist-packages/requests/__init__.py:80: RequestsDependencyWarning: urllib3 (1.25.7) or chardet (3.0.4) doesn't match a supported version!
  RequestsDependencyWarning)

PLAY [Nginx] ***********************************************************************************************************

TASK [Gathering Facts] *************************************************************************************************
ok: [10.211.54.203]

TASK [nginx : ensure nginx is at the latest version] *******************************************************************
ok: [10.211.54.203]

TASK [nginx : copy the nginx config file and restart nginx] ************************************************************
ok: [10.211.54.203]

TASK [nginx : create symlink] ******************************************************************************************
ok: [10.211.54.203]

TASK [nginx : Check that the service_state exists] *********************************************************************
ok: [10.211.54.203]

TASK [nginx : get first string] ****************************************************************************************
skipping: [10.211.54.203]

TASK [nginx : restart nginx] *******************************************************************************************
skipping: [10.211.54.203]

TASK [nginx : copy the service_state] **********************************************************************************
changed: [10.211.54.203]

TASK [nginx : save state before test] **********************************************************************************
 [WARNING]: Consider using 'become', 'become_method', and 'become_user' rather than running sudo

changed: [10.211.54.203]

TASK [nginx : give ex rights to store] *********************************************************************************
changed: [10.211.54.203]

TASK [nginx : checking cron first] *************************************************************************************
changed: [10.211.54.203]

TASK [nginx : timeout] *************************************************************************************************
Pausing for 60 seconds
(ctrl+C then 'C' = continue early, ctrl+C then 'A' = abort)
ok: [10.211.54.203]

TASK [nginx : checking cron second] ************************************************************************************
changed: [10.211.54.203]

TASK [nginx : all is ok] ***********************************************************************************************
ok: [10.211.54.203] => {
    "msg": "everything is ok, the file has changed"
}

TASK [nginx : some errors] *********************************************************************************************
skipping: [10.211.54.203]

TASK [nginx : update right config] *************************************************************************************
skipping: [10.211.54.203]

TASK [nginx : get answer] **********************************************************************************************
changed: [10.211.54.203]

PLAY RECAP *************************************************************************************************************
10.211.54.203              : ok=13   changed=6    unreachable=0    failed=0

tpo2020269@parallel:~/ansible$ curl http://10.211.54.203/service_data
Seems work
Service uptime is 0 minutes
tpo2020269@parallel:~/ansible$ ./ansible.sh
/usr/lib/python2.7/dist-packages/requests/__init__.py:80: RequestsDependencyWarning: urllib3 (1.25.7) or chardet (3.0.4) doesn't match a supported version!
  RequestsDependencyWarning)

PLAY [Nginx] ***********************************************************************************************************

TASK [Gathering Facts] *************************************************************************************************
ok: [10.211.54.203]

TASK [nginx : ensure nginx is at the latest version] *******************************************************************
ok: [10.211.54.203]

TASK [nginx : copy the nginx config file and restart nginx] ************************************************************
ok: [10.211.54.203]

TASK [nginx : create symlink] ******************************************************************************************
ok: [10.211.54.203]

TASK [nginx : Check that the service_state exists] *********************************************************************
ok: [10.211.54.203]

TASK [nginx : get first string] ****************************************************************************************
changed: [10.211.54.203]

TASK [nginx : restart nginx] *******************************************************************************************
skipping: [10.211.54.203]

TASK [nginx : copy the service_state] **********************************************************************************
skipping: [10.211.54.203]

TASK [nginx : save state before test] **********************************************************************************
 [WARNING]: Consider using 'become', 'become_method', and 'become_user' rather than running sudo

changed: [10.211.54.203]

TASK [nginx : give ex rights to store] *********************************************************************************
skipping: [10.211.54.203]

TASK [nginx : checking cron first] *************************************************************************************
changed: [10.211.54.203]

TASK [nginx : timeout] *************************************************************************************************
Pausing for 60 seconds
(ctrl+C then 'C' = continue early, ctrl+C then 'A' = abort)
ok: [10.211.54.203]

TASK [nginx : checking cron second] ************************************************************************************
changed: [10.211.54.203]

TASK [nginx : all is ok] ***********************************************************************************************
ok: [10.211.54.203] => {
    "msg": "everything is ok, the file has changed"
}

TASK [nginx : some errors] *********************************************************************************************
skipping: [10.211.54.203]

TASK [nginx : update right config] *************************************************************************************
skipping: [10.211.54.203]

TASK [nginx : get answer] **********************************************************************************************
changed: [10.211.54.203]

PLAY RECAP *************************************************************************************************************
10.211.54.203              : ok=12   changed=5    unreachable=0    failed=0

tpo2020269@parallel:~/ansible$ curl http://10.211.54.203/service_data
Seems work
Service uptime is 2512 minutes
tpo2020269@parallel:~/ansible$ ./ansible.sh
/usr/lib/python2.7/dist-packages/requests/__init__.py:80: RequestsDependencyWarning: urllib3 (1.25.7) or chardet (3.0.4) doesn't match a supported version!
  RequestsDependencyWarning)

PLAY [Nginx] ***********************************************************************************************************

TASK [Gathering Facts] *************************************************************************************************
ok: [10.211.54.203]

TASK [nginx : ensure nginx is at the latest version] *******************************************************************
ok: [10.211.54.203]

TASK [nginx : copy the nginx config file and restart nginx] ************************************************************
ok: [10.211.54.203]

TASK [nginx : create symlink] ******************************************************************************************
ok: [10.211.54.203]

TASK [nginx : Check that the service_state exists] *********************************************************************
ok: [10.211.54.203]

TASK [nginx : get first string] ****************************************************************************************
changed: [10.211.54.203]

TASK [nginx : restart nginx] *******************************************************************************************
changed: [10.211.54.203]

TASK [nginx : copy the service_state] **********************************************************************************
skipping: [10.211.54.203]

TASK [nginx : save state before test] **********************************************************************************
 [WARNING]: Consider using 'become', 'become_method', and 'become_user' rather than running sudo

changed: [10.211.54.203]

TASK [nginx : give ex rights to store] *********************************************************************************
skipping: [10.211.54.203]

TASK [nginx : checking cron first] *************************************************************************************
changed: [10.211.54.203]

TASK [nginx : timeout] *************************************************************************************************
Pausing for 60 seconds
(ctrl+C then 'C' = continue early, ctrl+C then 'A' = abort)
ok: [10.211.54.203]

TASK [nginx : checking cron second] ************************************************************************************
changed: [10.211.54.203]

TASK [nginx : all is ok] ***********************************************************************************************
ok: [10.211.54.203] => {
    "msg": "everything is ok, the file has changed"
}

TASK [nginx : some errors] *********************************************************************************************
skipping: [10.211.54.203]

TASK [nginx : update right config] *************************************************************************************
changed: [10.211.54.203]

TASK [nginx : get answer] **********************************************************************************************
changed: [10.211.54.203]

RUNNING HANDLER [nginx : Nginx reload] *********************************************************************************
changed: [10.211.54.203]

PLAY RECAP *************************************************************************************************************
10.211.54.203              : ok=15   changed=8    unreachable=0    failed=0

tpo2020269@parallel:~/ansible$ curl http://10.211.54.203/service_data
Change first string
Service uptime is 0 minutes
tpo2020269@parallel:~/ansible$ curl http://10.211.54.203/service_data
Change first string
Service uptime is 2517 minutes
